2026-09-29T16:42:51 veradigm.com
2026-09-29T16:42:51 veradigm.com
2026-09-29T16:42:53 vituity.com
2026-09-29T16:42:55 vituity.com
2026-09-29T16:43:01 bata.com
2026-09-29T16:43:01 bata.com
2026-09-29T16:43:05 connectivity-check.ubuntu.com
2026-09-29T16:43:05 connectivity-check.ubuntu.com
2026-09-29T16:43:05 connectivity-check.ubuntu.com
2026-09-29T16:43:08 crowdstrike.com
2026-09-29T16:43:08 crowdstrike.com
2026-09-29T16:43:17 cisco.com
2026-09-29T16:43:17 cisco.com
2026-09-29T16:43:25 microsoft.com
2026-09-29T16:43:27 microsoft.com
2026-09-29T16:43:34 nvidia.com
2026-09-29T16:43:34 nvidia.com
2026-09-29T16:43:43 intel.com
2026-09-29T16:43:43 intel.com
2026-09-29T16:43:52 essar.com
2026-09-29T16:43:52 essar.com
2026-09-29T16:43:57 youtube.com
2026-09-29T16:43:57 youtube.com
